============================================================
CIG ENGINE SMOKE TEST
============================================================

[1] Language Detector...
   ✓ All assertions passed

[2] Python Parser...
   Functions: 19
   Classes:   8
   Imports:   32
   Calls:     73
   → get_current_user(credentials) L28-33
   → register(body) L46-53
   → login(body) L60-65

[3] Python Parser (auth_service.py)...
   Functions: 7
   Classes:   0
   Imports:   7
   Calls:     30
   → verify_password(plain_password, hashed_password) L15-16
   → get_password_hash(password) L18-19
   → create_access_token(data) L21-26
   → decode_access_token(token) L28-33
   → generate_slug(name) L35-39
   → register_user(workspace_type, email, password) L41-90
   → login_user(email, password) L92-115

[4] Tree-sitter JS Parser...
   Functions: 4
   Classes:   1
   Imports:   2
   Calls:     7
   → getConfigPath (async=False, method=False) L8-10
   → writeConfig (async=False, method=False) L12-14
   → constructor (async=False, method=True) L17-20
   → push (async=True, method=True) L22-25
   → class RepoManager extends ['BaseManager']
   → import Command from 'commander' (named_import)
   → import axios from 'axios' (default_import)

[5] Symbol Registry...
   {'total_symbols': 34, 'functions': 26, 'methods': 0, 'classes': 8, 'files': 2, 'modules': 4}
   lookup('register_user') → 1 match(es)
   → services/auth_service.py::register_user

[6] Resolver...
   Calls:  8/103 resolved
   Imports: 1/20 resolved
   Extends: 0/8 resolved
   → main.py::get_current_user CALLS services/auth_service.py::decode_access_token
   → main.py::register CALLS services/auth_service.py::register_user
   → main.py::login CALLS services/auth_service.py::login_user
   → services/auth_service.py::register_user CALLS services/auth_service.py::generate_slug
   → services/auth_service.py::register_user CALLS services/auth_service.py::get_password_hash

[7] Semantic Enricher...
   → verify_password: tags=['Authentication', 'Machine Learning']
     summary: function that verify password (params: plain_password, hashed_password) [Authent
   → get_password_hash: tags=['API', 'Authentication', 'Utility']
     summary: function that get password hash (params: password) [API, Authentication, Utility
   → create_access_token: tags=['Authentication']
     summary: function that create access token (params: data) [Authentication]

============================================================
ALL SMOKE TESTS PASSED ✓
============================================================
